A*02:01,none,AAAAAAAAAA,none,none,-60.932490840139394,-62.46300694484438
A*02:01,none,RGPGRAFVTI,none,none,-58.20271795255803,-58.23937236894568
